[dark.paul-themes.com/wp/bauhaus/full-page/index.html]
[backblue.gif]
[fade.gif]
[index.html]
[dark.paul-themes.com/wp/bauhaus/wp-content/plugins/gtranslate/gtranslate-style246619.css]
[fonts.googleapis.com/index.html]
[dark.paul-themes.com/index.html]
[dark.paul-themes.com/wp/bauhaus/wp-includes/css/dist/block-library/style.min6619.css]
[dark.paul-themes.com/wp/bauhaus/wp-includes/css/dist/block-library/theme.min6619.css]
[dark.paul-themes.com/wp/bauhaus/comments/feed/index.html]
[dark.paul-themes.com/wp/bauhaus/feed/index.html]
[dark.paul-themes.com/wp/bauhaus/wp-content/plugins/contact-form-7/includes/css/stylesef15.css]
[dark.paul-themes.com/wp/bauhaus/wp-content/plugins/revslider/public/assets/css/settingsc225.css]
[dark.paul-themes.com/wp/bauhaus/wp-content/plugins/js_composer/assets/css/js_composer.min40df.css]
[dark.paul-themes.com/wp/bauhaus/wp-content/themes/bauhaus/images/bg/dots-dark.png]
[dark.paul-themes.com/wp/bauhaus/wp-content/themes/bauhaus/css/dark-style6619.css]
[dark.paul-themes.com/wp/bauhaus/wp-content/themes/bauhaus/images/bg/dots-dark2.png]
[dark.paul-themes.com/wp/bauhaus/images_dark/style_dark6619.css]
[dark.paul-themes.com/wp/bauhaus/wp-content/themes/bauhaus/style6619.css]
[dark.paul-themes.com/wp/bauhaus/wp-includes/js/jquery/jquery4a5f.js]
[dark.paul-themes.com/wp/bauhaus/wp-includes/js/jquery/jquery-migrate.min330a.js]
[dark.paul-themes.com/wp/bauhaus/wp-content/plugins/revslider/public/assets/js/jquery.themepunch.tools.minc225.js]
[dark.paul-themes.com/wp/bauhaus/xmlrpc0db0.php]
[dark.paul-themes.com/wp/bauhaus/wp-content/plugins/revslider/public/assets/js/jquery.themepunch.revolution.minc225.js]
[dark.paul-themes.com/wp/bauhaus/wp-includes/wlwmanifest.xml]
[dark.paul-themes.com/wp/bauhaus/wp-json/index.html]
[dark.paul-themes.com/wp/bauhaus/wp-json/oembed/1.0/embed9552.json]
[dark.paul-themes.com/wp/bauhaus/wp-json/oembed/1.0/embed8519]
[translate.google.com/translate_a/element.157876.delayed]
[dark.paul-themes.com/wp/bauhaus/images_dark/2017/05/brand-1.png]
[dark.paul-themes.com/wp/bauhaus/images_dark/2017/04/bg1.jpg]
[dark.paul-themes.com/wp/bauhaus/images_dark/2017/04/1-470x490.jpg]
[dark.paul-themes.com/wp/bauhaus/images_dark/2017/04/bg2.jpg]
[dark.paul-themes.com/wp/bauhaus/images_dark/2017/04/bg2-2.jpg]
[dark.paul-themes.com/wp/bauhaus/images_dark/2017/04/bg2-4.jpg]
[dark.paul-themes.com/wp/bauhaus/images_dark/2017/04/bg2-5.jpg]
[dark.paul-themes.com/wp/bauhaus/images_dark/2017/04/bg2-6.jpg]
[dark.paul-themes.com/wp/bauhaus/images_dark/2017/04/1-2.png]
[dark.paul-themes.com/wp/bauhaus/images_dark/2017/04/2-2.png]
[dark.paul-themes.com/wp/bauhaus/images_dark/2017/04/3-2.png]
[dark.paul-themes.com/wp/bauhaus/images_dark/2017/04/4-2.png]
[dark.paul-themes.com/wp/bauhaus/images_dark/2017/04/5-2.png]
[dark.paul-themes.com/wp/bauhaus/images_dark/2017/04/bg3.jpg]
[dark.paul-themes.com/cdn-cgi/scripts/5c5dd728/cloudflare-static/email-decode.min.js]
[dark.paul-themes.com/wp/bauhaus/wp-content/plugins/contact-form-7/includes/js/scriptsef15.js]
[dark.paul-themes.com/wp/bauhaus/wp-includes/js/jquery/ui/core.mine899.js]
[dark.paul-themes.com/wp/bauhaus/wp-content/themes/bauhaus/js/main68b3.js]
[dark.paul-themes.com/wp/bauhaus/wp-content/themes/bauhaus/js/animsition.min68b3.js]
[dark.paul-themes.com/wp/bauhaus/wp-content/themes/bauhaus/js/smoothscroll68b3.js]
[dark.paul-themes.com/wp/bauhaus/wp-content/themes/bauhaus/js/bootstrap.min68b3.js]
[dark.paul-themes.com/wp/bauhaus/wp-content/themes/bauhaus/js/jquery.validate.min68b3.js]
[dark.paul-themes.com/wp/bauhaus/wp-content/themes/bauhaus/js/wow.min68b3.js]
[dark.paul-themes.com/wp/bauhaus/wp-content/themes/bauhaus/js/jquery.stellar.min68b3.js]
[dark.paul-themes.com/wp/bauhaus/wp-content/themes/bauhaus/js/jquery.magnific-popup.min68b3.js]
[dark.paul-themes.com/wp/bauhaus/wp-content/themes/bauhaus/js/jquery.pagepiling68b3.js]
[dark.paul-themes.com/wp/bauhaus/wp-content/themes/bauhaus/js/owl.carousel.min68b3.js]
[dark.paul-themes.com/wp/bauhaus/wp-content/themes/bauhaus/js/isotope.pkgd.min68b3.js]
[dark.paul-themes.com/wp/bauhaus/wp-includes/js/imagesloaded.min55a0.js]
[dark.paul-themes.com/wp/bauhaus/wp-content/themes/bauhaus/js/plugins68b3.js]
[dark.paul-themes.com/wp/bauhaus/wp-content/themes/bauhaus/js/sly.min68b3.js]
[dark.paul-themes.com/wp/bauhaus/wp-content/themes/bauhaus/js/gmap68b3.js]
[dark.paul-themes.com/wp/bauhaus/wp-content/themes/bauhaus/js/scripts-dark68b3.js]
[dark.paul-themes.com/wp/bauhaus/wp-includes/js/comment-reply.min6619.js]
[dark.paul-themes.com/wp/bauhaus/wp-includes/js/wp-embed.min6619.js]
[dark.paul-themes.com/wp/bauhaus/wp-content/plugins/js_composer/assets/js/dist/js_composer_front.min40df.js]
[dark.paul-themes.com/wp/bauhaus/full-page/index.html]
[dark.paul-themes.com/assets/img/favicon.jpg]
[dark.paul-themes.com/css/bootstrap.min.css]
[dark.paul-themes.com/css/style.css]
[dark.paul-themes.com/assets/js/jquery-light.js]
[dark.paul-themes.com/assets/js/script.js]
[dark.paul-themes.com/assets/js/script-init.js]
[dark.paul-themes.com/index.html]
[maps.google.com/index.html]
[fonts.googleapis.com/index.html]
[s.w.org/index.html]
[fonts.googleapis.com/css0635.css]
[fonts.googleapis.com/css31a3.css]
[dark.paul-themes.com/wp/bauhaus/indexe839.html]
[dark.paul-themes.com/wp/bauhaus/wp-content/themes/bauhaus/images/bg/dots-dark2.png]
[dark.paul-themes.com/wp/bauhaus/wp-content/themes/bauhaus/images/bg/dots-dark.png]
[dark.paul-themes.com/wp/bauhaus/wp-includes/js/jquery/jquery-migrate.min330a.js]
[dark.paul-themes.com/wp/bauhaus/wp-content/plugins/gtranslate/24.png]
[dark.paul-themes.com/wp/bauhaus/wp-includes/js/jquery/jquery4a5f.js]
[dark.paul-themes.com/wp/bauhaus/wp-content/plugins/revslider/public/assets/js/jquery.themepunch.revolution.minc225.js]
[dark.paul-themes.com/wp/bauhaus/wp-content/plugins/gtranslate/24a.png]
[dark.paul-themes.com/wp/bauhaus/wp-json/index.html]
[dark.paul-themes.com/wp/bauhaus/wp-content/plugins/gtranslate/alt_flags.png]
[dark.paul-themes.com/wp/bauhaus/wp-content/plugins/revslider/public/assets/js/jquery.themepunch.tools.minc225.js]
[dark.paul-themes.com/wp/bauhaus/wp-content/plugins/gtranslate/alt_flagsa.png]
[dark.paul-themes.com/wp/bauhaus/wp-content/plugins/gtranslate/gtranslate-style246619.css]
[dark.paul-themes.com/wp/bauhaus/xmlrpc0db0.php]
[dark.paul-themes.com/wp/bauhaus/wp-includes/wlwmanifest.xml]
[dark.paul-themes.com/wp/bauhaus/wp-includes/css/dist/block-library/style.min6619.css]
[dark.paul-themes.com/wp/bauhaus/images_dark/2017/04/bg1.jpg]
[dark.paul-themes.com/wp/bauhaus/wp-json/oembed/1.0/embed9552.json]
[dark.paul-themes.com/wp/bauhaus/wp-includes/css/dist/block-library/theme.min6619.css]
[dark.paul-themes.com/wp/bauhaus/images_dark/2017/04/1-470x490.jpg]
[dark.paul-themes.com/wp/bauhaus/images_dark/2017/04/bg2.jpg]
[dark.paul-themes.com/wp/bauhaus/wp-json/oembed/1.0/embed8519]
[dark.paul-themes.com/wp/bauhaus/images_dark/2017/04/bg2-5.jpg]
[dark.paul-themes.com/wp/bauhaus/images_dark/2017/04/bg2-2.jpg]
[dark.paul-themes.com/wp/bauhaus/images_dark/2017/04/bg2-4.jpg]
[dark.paul-themes.com/wp/bauhaus/wp-content/plugins/contact-form-7/images/ajax-loader.gif]
[dark.paul-themes.com/wp/bauhaus/wp-content/plugins/contact-form-7/includes/css/stylesef15.css]
[dark.paul-themes.com/wp/bauhaus/images_dark/2017/04/bg2-6.jpg]
[dark.paul-themes.com/wp/bauhaus/images_dark/2017/04/1-2.png]
[dark.paul-themes.com/wp/bauhaus/images_dark/2017/04/2-2.png]
[dark.paul-themes.com/wp/bauhaus/images_dark/2017/04/3-2.png]
[dark.paul-themes.com/wp/bauhaus/images_dark/2017/04/4-2.png]
[dark.paul-themes.com/wp/bauhaus/images_dark/2017/04/5-2.png]
[dark.paul-themes.com/wp/bauhaus/images_dark/2017/04/bg3.jpg]
[dark.paul-themes.com/cdn-cgi/scripts/5c5dd728/cloudflare-static/email-decode.min.js]
[dark.paul-themes.com/wp/bauhaus/wp-content/themes/bauhaus/js/main68b3.js]
[dark.paul-themes.com/wp/bauhaus/wp-content/plugins/contact-form-7/includes/js/scriptsef15.js]
[dark.paul-themes.com/wp/bauhaus/wp-includes/js/jquery/ui/core.mine899.js]
[dark.paul-themes.com/wp/bauhaus/wp-content/plugins/revslider/public/assets/fonts/revicons/revicons90c6.svg]
[dark.paul-themes.com/wp/bauhaus/wp-content/themes/bauhaus/js/smoothscroll68b3.js]
[dark.paul-themes.com/wp/bauhaus/wp-content/themes/bauhaus/js/bootstrap.min68b3.js]
[dark.paul-themes.com/wp/bauhaus/wp-content/themes/bauhaus/js/animsition.min68b3.js]
[dark.paul-themes.com/wp/bauhaus/wp-content/plugins/revslider/public/assets/css/openhand.cur]
[dark.paul-themes.com/wp/bauhaus/wp-content/themes/bauhaus/js/wow.min68b3.js]
[dark.paul-themes.com/wp/bauhaus/wp-content/themes/bauhaus/js/jquery.stellar.min68b3.js]
[dark.paul-themes.com/wp/bauhaus/wp-content/themes/bauhaus/js/jquery.validate.min68b3.js]
[dark.paul-themes.com/wp/bauhaus/wp-content/themes/bauhaus/js/jquery.magnific-popup.min68b3.js]
[dark.paul-themes.com/wp/bauhaus/wp-content/plugins/revslider/public/assets/css/closedhand.cur]
[dark.paul-themes.com/wp/bauhaus/wp-includes/js/imagesloaded.min55a0.js]
[dark.paul-themes.com/wp/bauhaus/wp-content/themes/bauhaus/js/jquery.pagepiling68b3.js]
[dark.paul-themes.com/wp/bauhaus/wp-content/themes/bauhaus/js/isotope.pkgd.min68b3.js]
[dark.paul-themes.com/wp/bauhaus/wp-content/plugins/revslider/public/assets/assets/gridtile.png]
[dark.paul-themes.com/wp/bauhaus/wp-content/themes/bauhaus/js/owl.carousel.min68b3.js]
[dark.paul-themes.com/wp/bauhaus/wp-content/themes/bauhaus/js/plugins68b3.js]
[dark.paul-themes.com/wp/bauhaus/wp-content/themes/bauhaus/js/sly.min68b3.js]
[dark.paul-themes.com/wp/bauhaus/wp-content/plugins/revslider/public/assets/assets/gridtile_white.png]
[dark.paul-themes.com/wp/bauhaus/wp-includes/js/wp-embed.min6619.js]
[dark.paul-themes.com/wp/bauhaus/wp-content/themes/bauhaus/js/gmap68b3.js]
[dark.paul-themes.com/wp/bauhaus/wp-content/themes/bauhaus/js/scripts-dark68b3.js]
[dark.paul-themes.com/wp/bauhaus/wp-includes/js/comment-reply.min6619.js]
[dark.paul-themes.com/wp/bauhaus/wp-content/plugins/revslider/public/assets/assets/gridtile_3x3.png]
[dark.paul-themes.com/wp/bauhaus/wp-content/plugins/gtranslate/24.png]
[dark.paul-themes.com/wp/bauhaus/wp-content/plugins/gtranslate/24a.png]
[dark.paul-themes.com/wp/bauhaus/wp-content/plugins/js_composer/assets/js/dist/js_composer_front.min40df.js]
[dark.paul-themes.com/assets/js/jquery-light.js]
[dark.paul-themes.com/wp/bauhaus/wp-content/plugins/revslider/public/assets/assets/gridtile_3x3_white.png]
[dark.paul-themes.com/wp/bauhaus/wp-content/plugins/revslider/public/assets/assets/coloredbg.png]
[dark.paul-themes.com/wp/bauhaus/wp-content/plugins/gtranslate/alt_flagsa.png]
[dark.paul-themes.com/wp/bauhaus/wp-content/plugins/gtranslate/alt_flags.png]
[dark.paul-themes.com/wp/bauhaus/wp-content/plugins/revslider/public/assets/assets/loader.gif]
[dark.paul-themes.com/wp/bauhaus/wp-content/plugins/revslider/public/assets/css/settingsc225.css]
[dark.paul-themes.com/wp/bauhaus/wp-content/plugins/js_composer/assets/vc/alert.png]
[dark.paul-themes.com/wp/bauhaus/wp-content/plugins/js_composer/assets/vc/info.png]
[dark.paul-themes.com/wp/bauhaus/wp-content/plugins/js_composer/assets/vc/tick.png]
[dark.paul-themes.com/wp/bauhaus/wp-content/plugins/js_composer/assets/vc/exclamation.png]
[dark.paul-themes.com/wp/bauhaus/wp-content/plugins/js_composer/assets/images/icons/address-book.png]
[dark.paul-themes.com/wp/bauhaus/wp-content/plugins/js_composer/assets/images/icons/alarm-clock.png]
[dark.paul-themes.com/wp/bauhaus/wp-content/plugins/js_composer/assets/images/icons/anchor.png]
[dark.paul-themes.com/wp/bauhaus/wp-content/plugins/js_composer/assets/images/icons/application-image.png]
[dark.paul-themes.com/wp/bauhaus/wp-content/plugins/js_composer/assets/images/icons/arrow.png]
[dark.paul-themes.com/wp/bauhaus/wp-content/plugins/js_composer/assets/images/icons/asterisk.png]
[dark.paul-themes.com/wp/bauhaus/wp-content/plugins/js_composer/assets/images/icons/auction-hammer.png]
[dark.paul-themes.com/wp/bauhaus/wp-content/plugins/js_composer/assets/images/icons/balloon.png]
[dark.paul-themes.com/wp/bauhaus/wp-content/plugins/js_composer/assets/images/icons/balloon-buzz.png]
[dark.paul-themes.com/wp/bauhaus/wp-content/plugins/js_composer/assets/images/icons/balloon-facebook.png]
[dark.paul-themes.com/wp/bauhaus/wp-content/plugins/js_composer/assets/images/icons/balloon-twitter.png]
[dark.paul-themes.com/wp/bauhaus/wp-content/plugins/js_composer/assets/images/icons/battery-full.png]
[dark.paul-themes.com/wp/bauhaus/wp-content/plugins/js_composer/assets/images/icons/binocular.png]
[dark.paul-themes.com/wp/bauhaus/wp-content/plugins/js_composer/assets/images/icons/blue-document-excel.png]
[dark.paul-themes.com/wp/bauhaus/wp-content/plugins/js_composer/assets/images/icons/blue-document-image.png]
[dark.paul-themes.com/wp/bauhaus/wp-content/plugins/js_composer/assets/images/icons/blue-document-music.png]
[dark.paul-themes.com/wp/bauhaus/wp-content/plugins/js_composer/assets/images/icons/blue-document-office.png]
[dark.paul-themes.com/wp/bauhaus/wp-content/plugins/js_composer/assets/images/icons/blue-document-pdf.png]
[dark.paul-themes.com/wp/bauhaus/wp-content/plugins/js_composer/assets/images/icons/blue-document-powerpoint.png]
[dark.paul-themes.com/wp/bauhaus/wp-content/plugins/js_composer/assets/images/icons/blue-document-word.png]
[dark.paul-themes.com/wp/bauhaus/wp-content/plugins/js_composer/assets/images/icons/bookmark.png]
[dark.paul-themes.com/wp/bauhaus/wp-content/plugins/js_composer/assets/images/icons/camcorder.png]
[dark.paul-themes.com/wp/bauhaus/wp-content/plugins/js_composer/assets/images/icons/camera.png]
[dark.paul-themes.com/wp/bauhaus/wp-content/plugins/js_composer/assets/images/icons/chart.png]
[dark.paul-themes.com/wp/bauhaus/wp-content/plugins/js_composer/assets/images/icons/chart-pie.png]
[dark.paul-themes.com/wp/bauhaus/wp-content/plugins/js_composer/assets/images/icons/clock.png]
[dark.paul-themes.com/wp/bauhaus/wp-content/plugins/js_composer/assets/images/icons/control.png]
[dark.paul-themes.com/wp/bauhaus/wp-content/plugins/js_composer/assets/images/icons/fire.png]
[dark.paul-themes.com/wp/bauhaus/wp-content/plugins/js_composer/assets/images/icons/heart.png]
[dark.paul-themes.com/wp/bauhaus/wp-content/plugins/js_composer/assets/images/icons/mail.png]
[dark.paul-themes.com/wp/bauhaus/wp-content/plugins/js_composer/assets/images/icons/plus-shield.png]
[dark.paul-themes.com/wp/bauhaus/wp-content/plugins/js_composer/assets/images/icons/video.png]
[dark.paul-themes.com/wp/bauhaus/wp-content/plugins/js_composer/assets/fonts/vc_icons_v2/fonts/vcpb-plugin-iconsb82a.svg]
[dark.paul-themes.com/wp/bauhaus/wp-content/plugins/js_composer/assets/images/toggle_open.png]
[dark.paul-themes.com/wp/bauhaus/wp-content/plugins/js_composer/assets/images/toggle_close.png]
[dark.paul-themes.com/wp/bauhaus/wp-content/plugins/js_composer/assets/images/flickr.png]
[dark.paul-themes.com/wp/bauhaus/wp-content/plugins/js_composer/assets/vc/blur.svg]
[dark.paul-themes.com/wp/bauhaus/wp-content/plugins/js_composer/assets/fonts/vc_grid/vc_grid_v157a1.svg]
[dark.paul-themes.com/wp/bauhaus/wp-content/plugins/js_composer/assets/images/spinner.gif]
[dark.paul-themes.com/wp/bauhaus/wp-content/plugins/js_composer/assets/vc/remove.png]
[dark.paul-themes.com/wp/bauhaus/wp-content/plugins/js_composer/assets/css/js_composer.min40df.css]
[dark.paul-themes.com/wp/bauhaus/wp-content/themes/bauhaus/css/bootstrap.css]
[dark.paul-themes.com/wp/bauhaus/wp-content/themes/bauhaus/css/animsition.css]
[dark.paul-themes.com/wp/bauhaus/wp-content/themes/bauhaus/css/font-awesome.min.css]
[dark.paul-themes.com/wp/bauhaus/wp-content/themes/bauhaus/css/ionicons.min.css]
[dark.paul-themes.com/wp/bauhaus/wp-content/themes/bauhaus/css/linearicons.css]
[dark.paul-themes.com/wp/bauhaus/wp-content/themes/bauhaus/css/animate.css]
[dark.paul-themes.com/wp/bauhaus/wp-content/themes/bauhaus/css/magnific-popup.css]
[dark.paul-themes.com/wp/bauhaus/wp-content/themes/bauhaus/css/jquery.fullPage.css]
[dark.paul-themes.com/wp/bauhaus/wp-content/themes/bauhaus/css/jquery.pagepiling.css]
[dark.paul-themes.com/wp/bauhaus/wp-content/themes/bauhaus/css/owl.carousel.css]
[dark.paul-themes.com/wp/bauhaus/wp-content/themes/bauhaus/css/settings.css]
[dark.paul-themes.com/wp/bauhaus/wp-content/themes/bauhaus/css/layers.css]
[dark.paul-themes.com/wp/bauhaus/wp-content/themes/bauhaus/css/navigation.css]
[dark.paul-themes.com/wp/bauhaus/wp-content/themes/bauhaus/images/bg/dots.png]
[dark.paul-themes.com/wp/bauhaus/wp-content/themes/bauhaus/images/bg/dots2.png]
[dark.paul-themes.com/wp/bauhaus/wp-content/themes/bauhaus/images/projects/1-1920x1080.jpg]
[dark.paul-themes.com/wp/bauhaus/wp-content/themes/bauhaus/images/news/1-1920x1080.jpg]
[dark.paul-themes.com/wp/bauhaus/wp-content/themes/bauhaus/images/1-1920x800.jpg]
[dark.paul-themes.com/wp/bauhaus/wp-content/themes/bauhaus/css/dark-style6619.css]
[fonts.googleapis.com/css0635.css]
[dark.paul-themes.com/wp/bauhaus/images_dark/style_dark6619.css]
[dark.paul-themes.com/wp/bauhaus/wp-content/themes/bauhaus/style6619.css]
[dark.paul-themes.com/wp/bauhaus/indexe839.html]
[translate.google.com/translate_a/element7876.html]
[dark.paul-themes.com/css/bootstrap.min.css]
[dark.paul-themes.com/wp/bauhaus/images_dark/2017/04/bg2-3.jpg]
[dark.paul-themes.com/img/paul.jpg]
[dark.paul-themes.com/css/Icofont.woff2]
[dark.paul-themes.com/css/style.css]
[dark.paul-themes.com/wp/bauhaus/wp-content/plugins/revslider/public/assets/fonts/revicons/revicons90c6.svg]
[dark.paul-themes.com/wp/bauhaus/wp-content/plugins/js_composer/assets/fonts/vc_icons_v2/fonts/vcpb-plugin-iconsb82a.svg]
[dark.paul-themes.com/wp/bauhaus/wp-content/plugins/js_composer/assets/vc/blur.svg]
[dark.paul-themes.com/wp/bauhaus/wp-content/plugins/js_composer/assets/fonts/vc_grid/vc_grid_v157a1.svg]
[dark.paul-themes.com/wp/bauhaus/wp-content/themes/bauhaus/fonts/glyphicons-halflings-regular.90.delayed]
[dark.paul-themes.com/wp/bauhaus/wp-content/themes/bauhaus/css/bootstrap.css]
[dark.paul-themes.com/wp/bauhaus/wp-content/themes/bauhaus/css/animsition.css]
[dark.paul-themes.com/wp/bauhaus/wp-content/themes/bauhaus/fonts/fontawesome-webfont3e6e.svg]
[dark.paul-themes.com/wp/bauhaus/wp-content/themes/bauhaus/css/font-awesome.min.css]
[dark.paul-themes.com/wp/bauhaus/wp-content/themes/bauhaus/fonts/ionicons28b5.svg]
[dark.paul-themes.com/wp/bauhaus/wp-content/themes/bauhaus/css/ionicons.min.css]
[dark.paul-themes.com/wp/bauhaus/wp-content/themes/bauhaus/css/linearicons.css]
[dark.paul-themes.com/wp/bauhaus/wp-content/themes/bauhaus/css/animate.css]
[dark.paul-themes.com/wp/bauhaus/wp-content/themes/bauhaus/css/magnific-popup.css]
[dark.paul-themes.com/wp/bauhaus/wp-content/themes/bauhaus/css/jquery.fullPage.css]
[dark.paul-themes.com/wp/bauhaus/wp-content/themes/bauhaus/css/jquery.pagepiling.css]
[dark.paul-themes.com/wp/bauhaus/wp-content/themes/bauhaus/css/owl.video.play.png]
[dark.paul-themes.com/wp/bauhaus/wp-content/themes/bauhaus/css/owl.carousel.css]
[dark.paul-themes.com/wp/bauhaus/wp-content/themes/bauhaus/fonts/revicons/revicons90c6.svg]
[dark.paul-themes.com/wp/bauhaus/wp-content/themes/bauhaus/css/openhand.cur]
[dark.paul-themes.com/wp/bauhaus/wp-content/themes/bauhaus/css/closedhand.cur]
[dark.paul-themes.com/wp/bauhaus/wp-content/themes/bauhaus/assets/gridtile.png]
[dark.paul-themes.com/wp/bauhaus/wp-content/themes/bauhaus/assets/gridtile_white.png]
[dark.paul-themes.com/wp/bauhaus/wp-content/themes/bauhaus/assets/gridtile_3x3.png]
[dark.paul-themes.com/wp/bauhaus/wp-content/themes/bauhaus/assets/gridtile_3x3_white.png]
[dark.paul-themes.com/wp/bauhaus/wp-content/themes/bauhaus/assets/coloredbg.png]
[dark.paul-themes.com/wp/bauhaus/wp-content/themes/bauhaus/assets/loader.gif]
[dark.paul-themes.com/wp/bauhaus/wp-content/themes/bauhaus/css/settings.css]
[dark.paul-themes.com/wp/bauhaus/wp-content/themes/bauhaus/css/layers.css]
[dark.paul-themes.com/wp/bauhaus/wp-content/themes/bauhaus/css/navigation.css]
[dark.paul-themes.com/wp/bauhaus/wp-content/themes/bauhaus/images/projects/1-1920x1080.html]
[dark.paul-themes.com/wp/bauhaus/wp-content/themes/bauhaus/images/news/1-1920x1080.html]
[dark.paul-themes.com/wp/bauhaus/wp-content/themes/bauhaus/images/1-1920x800.html]
[dark.paul-themes.com/css/Icofont.woff]
[dark.paul-themes.com/wp/bauhaus/wp-content/themes/bauhaus/fonts/glyphicons-halflings-regular.html]
[dark.paul-themes.com/wp/bauhaus/wp-content/themes/bauhaus/fonts/fontawesome-webfont3e6e.svg]
[dark.paul-themes.com/wp/bauhaus/wp-content/themes/bauhaus/fonts/ionicons28b5.svg]
[dark.paul-themes.com/wp/bauhaus/wp-content/themes/bauhaus/fonts/revicons/revicons90c6.html]
[dark.paul-themes.com/wp/bauhaus/wp-content/themes/bauhaus/css/openhand.html]
[dark.paul-themes.com/wp/bauhaus/wp-content/themes/bauhaus/css/closedhand.html]
[dark.paul-themes.com/wp/bauhaus/wp-content/themes/bauhaus/assets/gridtile.html]
[dark.paul-themes.com/wp/bauhaus/wp-content/themes/bauhaus/assets/gridtile_white.html]
[dark.paul-themes.com/wp/bauhaus/wp-content/themes/bauhaus/assets/gridtile_3x3.html]
[dark.paul-themes.com/wp/bauhaus/wp-content/themes/bauhaus/assets/gridtile_3x3_white.html]
[dark.paul-themes.com/wp/bauhaus/wp-content/themes/bauhaus/assets/coloredbg.html]
[dark.paul-themes.com/wp/bauhaus/wp-content/themes/bauhaus/assets/loader.html]
